
--- Script parsing start ---

  [  1] CBC_PUSH_IDENT idx:0->ident(next_statement)
  [  0] CBC_POP_BLOCK
  [  1] CBC_PUSH_IDENT idx:1->ident(b)
  [  1] CBC_PROP_STRING_GET idx:2->string(c)
  [  3] CBC_EXT_FOR_IN_CREATE_CONTEXT
  [  4] CBC_EXT_FOR_IN_GET_NEXT
  [  3] CBC_ASSIGN_IDENT idx:3->ident(a)
  [  0] CBC_EXT_BRANCH_IF_FOR_IN_HAS_NEXT
  [  1] CBC_PUSH_IDENT idx:0->ident(next_statement)
  [  0] CBC_POP_BLOCK
  [  1] CBC_PUSH_IDENT idx:4->ident(bb)
  [  3] CBC_EXT_FOR_IN_CREATE_CONTEXT
  [  4] CBC_PUSH_IDENT idx:3->ident(a)
  [  5] CBC_EXT_FOR_IN_GET_NEXT
  [  3] CBC_ASSIGN_PROP_STRING idx:5->string(i)
  [  4] CBC_PUSH_IDENT idx:6->ident(cc)
  [  6] CBC_EXT_FOR_IN_CREATE_CONTEXT
  [  7] CBC_PUSH_IDENT idx:1->ident(b)
  [  8] CBC_EXT_FOR_IN_GET_NEXT
  [  6] CBC_ASSIGN_PROP_STRING idx:5->string(i)
  [  7] CBC_POST_INCR_IDENT_PUSH_RESULT idx:7->ident(x)
  [  6] CBC_POP_BLOCK
  [  3] CBC_EXT_BRANCH_IF_FOR_IN_HAS_NEXT
  [  0] CBC_EXT_BRANCH_IF_FOR_IN_HAS_NEXT
  [  1] CBC_PUSH_IDENT idx:0->ident(next_statement)
  [  0] CBC_POP_BLOCK
  [  1] CBC_PUSH_IDENT idx:8->ident(c)
  [  2] CBC_PUSH_IDENT idx:7->ident(x)
  [  1] CBC_PROP_GET
  [  3] CBC_EXT_FOR_IN_CREATE_CONTEXT
  [  4] CBC_PUSH_LITERAL idx:9->string(x)
  [  5] CBC_EXT_PUSH_UNDEFINED_BASE
  [  6] CBC_EXT_FOR_IN_GET_NEXT
  [  3] CBC_ASSIGN
  [  4] CBC_CALL_IDENT_PUSH_RESULT idx:10->ident(d) byte_arg:0
  [  3] CBC_POP_BLOCK
  [  4] CBC_PUSH_IDENT idx:4->ident(bb)
  [  6] CBC_EXT_FOR_IN_CREATE_CONTEXT
  [  7] CBC_PUSH_IDENT idx:10->ident(d)
  [  8] CBC_PUSH_IDENT idx:11->ident(y)
  [  9] CBC_EXT_FOR_IN_GET_NEXT
  [  6] CBC_ASSIGN
  [  3] CBC_EXT_BRANCH_IF_FOR_IN_HAS_NEXT
  [  4] CBC_CALL_IDENT_PUSH_RESULT idx:10->ident(d) byte_arg:0
  [  3] CBC_POP_BLOCK
  [  0] CBC_EXT_BRANCH_IF_FOR_IN_HAS_NEXT
  [  1] CBC_PUSH_IDENT idx:0->ident(next_statement)
  [  0] CBC_POP_BLOCK
  [  1] CBC_PUSH_LITERAL idx:12->string(b)
  [  3] CBC_EXT_FOR_IN_CREATE_CONTEXT
  [  4] CBC_EXT_FOR_IN_GET_NEXT
  [  3] CBC_ASSIGN_IDENT idx:3->ident(a)
  [  4] CBC_PUSH_IDENT idx:10->ident(d)
  [  6] CBC_EXT_FOR_IN_CREATE_CONTEXT
  [  7] CBC_EXT_FOR_IN_GET_NEXT
  [  6] CBC_ASSIGN_IDENT idx:8->ident(c)
  [  7] CBC_CALL_IDENT_PUSH_RESULT idx:7->ident(x) byte_arg:0
  [  6] CBC_POP_BLOCK
  [  6] CBC_JUMP_FORWARD
  [  7] CBC_CALL_IDENT_PUSH_RESULT idx:7->ident(x) byte_arg:0
  [  6] CBC_POP_BLOCK
  [  6] CBC_JUMP_FORWARD_EXIT_CONTEXT
  [  7] CBC_CALL_IDENT_PUSH_RESULT idx:7->ident(x) byte_arg:0
  [  6] CBC_POP_BLOCK
  [  6] CBC_JUMP_FORWARD_EXIT_CONTEXT
  [  7] CBC_CALL_IDENT_PUSH_RESULT idx:7->ident(x) byte_arg:0
  [  6] CBC_POP_BLOCK
  [  3] CBC_EXT_BRANCH_IF_FOR_IN_HAS_NEXT
  [  4] CBC_CALL_IDENT_PUSH_RESULT idx:7->ident(x) byte_arg:0
  [  3] CBC_POP_BLOCK
  [  3] CBC_JUMP_FORWARD
  [  4] CBC_CALL_IDENT_PUSH_RESULT idx:7->ident(x) byte_arg:0
  [  3] CBC_POP_BLOCK
  [  3] CBC_JUMP_FORWARD_EXIT_CONTEXT
  [  4] CBC_CALL_IDENT_PUSH_RESULT idx:7->ident(x) byte_arg:0
  [  3] CBC_POP_BLOCK
  [  0] CBC_EXT_BRANCH_IF_FOR_IN_HAS_NEXT
  [  1] CBC_PUSH_IDENT idx:0->ident(next_statement)
  [  0] CBC_POP_BLOCK
  [  1] CBC_PUSH_LITERAL idx:13->string(z)
  [  3] CBC_EXT_FOR_IN_CREATE_CONTEXT
  [  4] CBC_EXT_FOR_IN_GET_NEXT
  [  3] CBC_ASSIGN_IDENT idx:14->var_ident(var_a)
  [  4] CBC_PUSH_LITERAL idx:13->string(z)
  [  6] CBC_EXT_FOR_IN_CREATE_CONTEXT
  [  6] CBC_JUMP_FORWARD
  [  7] CBC_MULTIPLY_TWO_LITERALS idx:7->ident(x) idx:15->string(y)
  [  6] CBC_POP
  [  7] CBC_EXT_FOR_IN_GET_NEXT
  [  6] CBC_ASSIGN_IDENT idx:3->var_ident(a)
  [  7] CBC_POST_INCR_IDENT_PUSH_RESULT idx:7->ident(x)
  [  6] CBC_POP_BLOCK
  [  3] CBC_EXT_BRANCH_IF_FOR_IN_HAS_NEXT
  [  0] CBC_EXT_BRANCH_IF_FOR_IN_HAS_NEXT
  [  1] CBC_PUSH_IDENT idx:0->ident(next_statement)
  [  0] CBC_POP_BLOCK
  [  1] CBC_PUSH_LITERAL idx:13->string(z)
  [  3] CBC_EXT_FOR_IN_CREATE_CONTEXT
  [  4] CBC_EXT_FOR_IN_GET_NEXT
  [  3] CBC_ASSIGN_IDENT idx:14->var_ident(var_a)
  [  4] CBC_PUSH_LITERAL idx:13->string(z)
  [  6] CBC_EXT_FOR_IN_CREATE_CONTEXT
  [  6] CBC_JUMP_FORWARD
  [  7] CBC_MULTIPLY_TWO_LITERALS idx:7->ident(x) idx:15->string(y)
  [  6] CBC_POP
  [  7] CBC_EXT_FOR_IN_GET_NEXT
  [  6] CBC_ASSIGN_IDENT idx:3->var_ident(a)
  [  7] CBC_POST_INCR_IDENT_PUSH_RESULT idx:7->ident(x)
  [  6] CBC_POP_BLOCK
  [  3] CBC_EXT_BRANCH_IF_FOR_IN_HAS_NEXT
  [  0] CBC_EXT_BRANCH_IF_FOR_IN_HAS_NEXT

Final byte code dump:

  Maximum stack depth: 9
  Literal encoding: small
  Argument range end: 0
  Register range end: 0
  Identifier range end: 10
  Const literal range end: 16
  Literal range end: 16

   0 : CBC_DEFINE_VARS idx:1(ident)->var_ident(var_a)
   2 : CBC_PUSH_IDENT idx:2(ident)->ident(next_statement)
   4 : CBC_POP_BLOCK
   5 : CBC_PUSH_IDENT idx:3(ident)->ident(b)
   7 : CBC_PROP_STRING_GET idx:10(lit)->string(c)
   9 : CBC_EXT_FOR_IN_CREATE_CONTEXT offset:10(->19)
  12 : CBC_EXT_FOR_IN_GET_NEXT
  14 : CBC_ASSIGN_IDENT idx:0(ident)->var_ident(a)
  16 : CBC_EXT_BRANCH_IF_FOR_IN_HAS_NEXT offset:4(->12)
  19 : CBC_PUSH_IDENT idx:2(ident)->ident(next_statement)
  21 : CBC_POP_BLOCK
  22 : CBC_PUSH_IDENT idx:4(ident)->ident(bb)
  24 : CBC_EXT_FOR_IN_CREATE_CONTEXT offset:29(->53)
  27 : CBC_PUSH_IDENT idx:0(ident)->var_ident(a)
  29 : CBC_EXT_FOR_IN_GET_NEXT
  31 : CBC_ASSIGN_PROP_STRING idx:11(lit)->string(i)
  33 : CBC_PUSH_IDENT idx:5(ident)->ident(cc)
  35 : CBC_EXT_FOR_IN_CREATE_CONTEXT offset:15(->50)
  38 : CBC_PUSH_IDENT idx:3(ident)->ident(b)
  40 : CBC_EXT_FOR_IN_GET_NEXT
  42 : CBC_ASSIGN_PROP_STRING idx:11(lit)->string(i)
  44 : CBC_POST_INCR_IDENT_PUSH_RESULT idx:6(ident)->ident(x)
  46 : CBC_POP_BLOCK
  47 : CBC_EXT_BRANCH_IF_FOR_IN_HAS_NEXT offset:9(->38)
  50 : CBC_EXT_BRANCH_IF_FOR_IN_HAS_NEXT offset:23(->27)
  53 : CBC_PUSH_IDENT idx:2(ident)->ident(next_statement)
  55 : CBC_POP_BLOCK
  56 : CBC_PUSH_IDENT idx:7(ident)->ident(c)
  58 : CBC_PUSH_IDENT idx:6(ident)->ident(x)
  60 : CBC_PROP_GET
  61 : CBC_EXT_FOR_IN_CREATE_CONTEXT offset:36(->97)
  64 : CBC_PUSH_LITERAL idx:12(lit)->string(x)
  66 : CBC_EXT_PUSH_UNDEFINED_BASE
  68 : CBC_EXT_FOR_IN_GET_NEXT
  70 : CBC_ASSIGN
  71 : CBC_CALL_IDENT_PUSH_RESULT byte_arg:0 idx:8(ident)->ident(d)
  74 : CBC_POP_BLOCK
  75 : CBC_PUSH_IDENT idx:4(ident)->ident(bb)
  77 : CBC_EXT_FOR_IN_CREATE_CONTEXT offset:13(->90)
  80 : CBC_PUSH_IDENT idx:8(ident)->ident(d)
  82 : CBC_PUSH_IDENT idx:9(ident)->ident(y)
  84 : CBC_EXT_FOR_IN_GET_NEXT
  86 : CBC_ASSIGN
  87 : CBC_EXT_BRANCH_IF_FOR_IN_HAS_NEXT offset:7(->80)
  90 : CBC_CALL_IDENT_PUSH_RESULT byte_arg:0 idx:8(ident)->ident(d)
  93 : CBC_POP_BLOCK
  94 : CBC_EXT_BRANCH_IF_FOR_IN_HAS_NEXT offset:30(->64)
  97 : CBC_PUSH_IDENT idx:2(ident)->ident(next_statement)
  99 : CBC_POP_BLOCK
 100 : CBC_PUSH_LITERAL idx:13(lit)->string(b)
 102 : CBC_EXT_FOR_IN_CREATE_CONTEXT offset:60(->162)
 105 : CBC_EXT_FOR_IN_GET_NEXT
 107 : CBC_ASSIGN_IDENT idx:0(ident)->var_ident(a)
 109 : CBC_PUSH_IDENT idx:8(ident)->ident(d)
 111 : CBC_EXT_FOR_IN_CREATE_CONTEXT offset:32(->143)
 114 : CBC_EXT_FOR_IN_GET_NEXT
 116 : CBC_ASSIGN_IDENT idx:7(ident)->ident(c)
 118 : CBC_CALL_IDENT_PUSH_RESULT byte_arg:0 idx:6(ident)->ident(x)
 121 : CBC_POP_BLOCK
 122 : CBC_JUMP_FORWARD offset:18(->140)
 124 : CBC_CALL_IDENT_PUSH_RESULT byte_arg:0 idx:6(ident)->ident(x)
 127 : CBC_POP_BLOCK
 128 : CBC_JUMP_FORWARD_EXIT_CONTEXT offset:15(->143)
 130 : CBC_CALL_IDENT_PUSH_RESULT byte_arg:0 idx:6(ident)->ident(x)
 133 : CBC_POP_BLOCK
 134 : CBC_JUMP_FORWARD_EXIT_CONTEXT offset:28(->162)
 136 : CBC_CALL_IDENT_PUSH_RESULT byte_arg:0 idx:6(ident)->ident(x)
 139 : CBC_POP_BLOCK
 140 : CBC_EXT_BRANCH_IF_FOR_IN_HAS_NEXT offset:26(->114)
 143 : CBC_CALL_IDENT_PUSH_RESULT byte_arg:0 idx:6(ident)->ident(x)
 146 : CBC_POP_BLOCK
 147 : CBC_JUMP_FORWARD offset:12(->159)
 149 : CBC_CALL_IDENT_PUSH_RESULT byte_arg:0 idx:6(ident)->ident(x)
 152 : CBC_POP_BLOCK
 153 : CBC_JUMP_FORWARD_EXIT_CONTEXT offset:9(->162)
 155 : CBC_CALL_IDENT_PUSH_RESULT byte_arg:0 idx:6(ident)->ident(x)
 158 : CBC_POP_BLOCK
 159 : CBC_EXT_BRANCH_IF_FOR_IN_HAS_NEXT offset:54(->105)
 162 : CBC_PUSH_IDENT idx:2(ident)->ident(next_statement)
 164 : CBC_POP_BLOCK
 165 : CBC_PUSH_LITERAL idx:14(lit)->string(z)
 167 : CBC_EXT_FOR_IN_CREATE_CONTEXT offset:31(->198)
 170 : CBC_EXT_FOR_IN_GET_NEXT
 172 : CBC_ASSIGN_IDENT idx:1(ident)->var_ident(var_a)
 174 : CBC_PUSH_LITERAL idx:14(lit)->string(z)
 176 : CBC_EXT_FOR_IN_CREATE_CONTEXT offset:19(->195)
 179 : CBC_JUMP_FORWARD offset:6(->185)
 181 : CBC_MULTIPLY_TWO_LITERALS idx:6(ident)->ident(x) idx:15(lit)->string(y)
 184 : CBC_POP
 185 : CBC_EXT_FOR_IN_GET_NEXT
 187 : CBC_ASSIGN_IDENT idx:0(ident)->var_ident(a)
 189 : CBC_POST_INCR_IDENT_PUSH_RESULT idx:6(ident)->ident(x)
 191 : CBC_POP_BLOCK
 192 : CBC_EXT_BRANCH_IF_FOR_IN_HAS_NEXT offset:13(->179)
 195 : CBC_EXT_BRANCH_IF_FOR_IN_HAS_NEXT offset:25(->170)
 198 : CBC_PUSH_IDENT idx:2(ident)->ident(next_statement)
 200 : CBC_POP_BLOCK
 201 : CBC_PUSH_LITERAL idx:14(lit)->string(z)
 203 : CBC_EXT_FOR_IN_CREATE_CONTEXT offset:31(->234)
 206 : CBC_EXT_FOR_IN_GET_NEXT
 208 : CBC_ASSIGN_IDENT idx:1(ident)->var_ident(var_a)
 210 : CBC_PUSH_LITERAL idx:14(lit)->string(z)
 212 : CBC_EXT_FOR_IN_CREATE_CONTEXT offset:19(->231)
 215 : CBC_JUMP_FORWARD offset:6(->221)
 217 : CBC_MULTIPLY_TWO_LITERALS idx:6(ident)->ident(x) idx:15(lit)->string(y)
 220 : CBC_POP
 221 : CBC_EXT_FOR_IN_GET_NEXT
 223 : CBC_ASSIGN_IDENT idx:0(ident)->var_ident(a)
 225 : CBC_POST_INCR_IDENT_PUSH_RESULT idx:6(ident)->ident(x)
 227 : CBC_POP_BLOCK
 228 : CBC_EXT_BRANCH_IF_FOR_IN_HAS_NEXT offset:13(->215)
 231 : CBC_EXT_BRANCH_IF_FOR_IN_HAS_NEXT offset:25(->206)
 234 : CBC_RETURN_WITH_UNDEFINED

Byte code size: 235 bytes

Script parsing successfully completed. Total byte code size: 235 bytes

--- Script parsing end ---

