
--- Script parsing start ---

  [  1] CBC_PUSH_IDENT idx:0->ident(next_statement)
  [  0] CBC_POP_BLOCK
  [  1] CBC_EXT_CREATE_OBJECT
  [  0] CBC_POP
  [  1] CBC_EXT_CREATE_OBJECT
  [  0] CBC_POP
  [  1] CBC_EXT_CREATE_OBJECT
  [  0] CBC_BRANCH_IF_FALSE_FORWARD
  [  1] CBC_POST_INCR_IDENT_PUSH_RESULT idx:1->ident(x)
  [  0] CBC_POP_BLOCK
  [  1] CBC_PUSH_IDENT idx:0->ident(next_statement)
  [  0] CBC_POP_BLOCK
  [  1] CBC_EXT_CREATE_OBJECT
  [  2] CBC_PUSH_LITERAL idx:4->string(exp)
  [  1] CBC_SET_PROPERTY idx:3->string(member)
  [  2] CBC_ADD_TWO_LITERALS idx:6->ident(a) idx:7->ident(b)
  [  1] CBC_SET_PROPERTY idx:5->string(set)
  [  2] CBC_PUSH_IDENT idx:9->ident(c)
  [  1] CBC_SET_PROPERTY idx:8->string(get)
  [  0] CBC_ASSIGN_IDENT idx:2->var_ident(get)
  [  1] CBC_PUSH_IDENT idx:0->ident(next_statement)
  [  0] CBC_POP_BLOCK
  [  1] CBC_EXT_CREATE_OBJECT
  [  2] CBC_PUSH_IDENT idx:6->ident(a)
  [  1] CBC_BRANCH_IF_FALSE_FORWARD
  [  2] CBC_PUSH_IDENT idx:7->ident(b)
  [  2] CBC_JUMP_FORWARD
  [  2] CBC_PUSH_IDENT idx:9->ident(c)
  [  1] CBC_SET_PROPERTY idx:8->string(get)
  [  2] CBC_PUSH_IDENT idx:11->ident(value)
  [  1] CBC_SET_PROPERTY idx:5->string(set)
  [  0] CBC_ASSIGN_IDENT idx:10->var_ident(set)
  [  1] CBC_PUSH_IDENT idx:0->ident(next_statement)
  [  0] CBC_POP_BLOCK
  [  1] CBC_EXT_CREATE_OBJECT

--- Function parsing start ---


Final byte code dump:

  Maximum stack depth: 0
  Literal encoding: small
  Argument range end: 0
  Register range end: 0
  Identifier range end: 0
  Const literal range end: 0
  Literal range end: 0

   0 : CBC_RETURN_WITH_UNDEFINED

Byte code size: 1 bytes

--- Function parsing end ---

  [  2] CBC_PUSH_LITERAL idx:13->function
  [  1] CBC_SET_PROPERTY idx:12->string(function)

--- Function parsing start ---


Final byte code dump:

  Maximum stack depth: 0
  Literal encoding: small
  Argument range end: 0
  Register range end: 0
  Identifier range end: 0
  Const literal range end: 0
  Literal range end: 0

   0 : CBC_RETURN_WITH_UNDEFINED

Byte code size: 1 bytes

--- Function parsing end ---

  [  2] CBC_PUSH_LITERAL idx:14->function
  [  1] CBC_EXT_SET_GETTER idx:8->string(get)

--- Function parsing start ---


Final byte code dump:

  Maximum stack depth: 1
  Literal encoding: small
  Argument range end: 1
  Register range end: 1
  Identifier range end: 1
  Const literal range end: 1
  Literal range end: 1

   0 : CBC_RETURN_WITH_UNDEFINED

Byte code size: 1 bytes

--- Function parsing end ---

  [  2] CBC_PUSH_LITERAL idx:15->function
  [  1] CBC_EXT_SET_SETTER idx:5->string(set)

--- Function parsing start ---


Final byte code dump:

  Maximum stack depth: 0
  Literal encoding: small
  Argument range end: 0
  Register range end: 0
  Identifier range end: 0
  Const literal range end: 0
  Literal range end: 0

   0 : CBC_RETURN_WITH_UNDEFINED

Byte code size: 1 bytes

--- Function parsing end ---

  [  2] CBC_PUSH_LITERAL idx:16->function
  [  1] CBC_EXT_SET_GETTER idx:8->string(get)
  [  0] CBC_POP_BLOCK
  [  1] CBC_PUSH_IDENT idx:0->ident(next_statement)
  [  0] CBC_POP_BLOCK
  [  1] CBC_EXT_CREATE_OBJECT
  [  2] CBC_PUSH_LITERAL idx:18->number(0x09Af)
  [  1] CBC_SET_PROPERTY idx:17->number(.3)
  [  2] CBC_PUSH_LITERAL idx:20->number(14.)
  [  1] CBC_SET_PROPERTY idx:19->number(12e-1)
  [  2] CBC_EXT_CREATE_OBJECT
  [  3] CBC_ADD_TWO_LITERALS idx:23->number(0.077) idx:24->number(9074)
  [  2] CBC_SET_PROPERTY idx:22->number(0e+3)
  [  1] CBC_SET_PROPERTY idx:21->number(0XFaBe0189)
  [  0] CBC_POP_BLOCK
  [  1] CBC_PUSH_IDENT idx:0->ident(next_statement)
  [  0] CBC_POP_BLOCK

Final byte code dump:

  Maximum stack depth: 3
  Literal encoding: small
  Argument range end: 0
  Register range end: 0
  Identifier range end: 8
  Const literal range end: 21
  Literal range end: 25

   0 : CBC_DEFINE_VARS idx:1(ident)->var_ident(set)
   2 : CBC_PUSH_IDENT idx:2(ident)->ident(next_statement)
   4 : CBC_POP_BLOCK
   5 : CBC_EXT_CREATE_OBJECT
   7 : CBC_POP
   8 : CBC_EXT_CREATE_OBJECT
  10 : CBC_POP
  11 : CBC_EXT_CREATE_OBJECT
  13 : CBC_BRANCH_IF_FALSE_FORWARD offset:5(->18)
  15 : CBC_POST_INCR_IDENT_PUSH_RESULT idx:3(ident)->ident(x)
  17 : CBC_POP_BLOCK
  18 : CBC_PUSH_IDENT idx:2(ident)->ident(next_statement)
  20 : CBC_POP_BLOCK
  21 : CBC_EXT_CREATE_OBJECT
  23 : CBC_PUSH_LITERAL idx:9(lit)->string(exp)
  25 : CBC_SET_PROPERTY idx:8(lit)->string(member)
  27 : CBC_ADD_TWO_LITERALS idx:4(ident)->ident(a) idx:5(ident)->ident(b)
  30 : CBC_SET_PROPERTY idx:10(lit)->string(set)
  32 : CBC_PUSH_IDENT idx:6(ident)->ident(c)
  34 : CBC_SET_PROPERTY idx:11(lit)->string(get)
  36 : CBC_ASSIGN_IDENT idx:0(ident)->var_ident(get)
  38 : CBC_PUSH_IDENT idx:2(ident)->ident(next_statement)
  40 : CBC_POP_BLOCK
  41 : CBC_EXT_CREATE_OBJECT
  43 : CBC_PUSH_IDENT idx:4(ident)->ident(a)
  45 : CBC_BRANCH_IF_FALSE_FORWARD offset:6(->51)
  47 : CBC_PUSH_IDENT idx:5(ident)->ident(b)
  49 : CBC_JUMP_FORWARD offset:4(->53)
  51 : CBC_PUSH_IDENT idx:6(ident)->ident(c)
  53 : CBC_SET_PROPERTY idx:11(lit)->string(get)
  55 : CBC_PUSH_IDENT idx:7(ident)->ident(value)
  57 : CBC_SET_PROPERTY idx:10(lit)->string(set)
  59 : CBC_ASSIGN_IDENT idx:1(ident)->var_ident(set)
  61 : CBC_PUSH_IDENT idx:2(ident)->ident(next_statement)
  63 : CBC_POP_BLOCK
  64 : CBC_EXT_CREATE_OBJECT
  66 : CBC_PUSH_LITERAL idx:21(lit)->function
  68 : CBC_SET_PROPERTY idx:12(lit)->string(function)
  70 : CBC_PUSH_LITERAL idx:22(lit)->function
  72 : CBC_EXT_SET_GETTER idx:11(lit)->string(get)
  75 : CBC_PUSH_LITERAL idx:23(lit)->function
  77 : CBC_EXT_SET_SETTER idx:10(lit)->string(set)
  80 : CBC_PUSH_LITERAL idx:24(lit)->function
  82 : CBC_EXT_SET_GETTER idx:11(lit)->string(get)
  85 : CBC_POP_BLOCK
  86 : CBC_PUSH_IDENT idx:2(ident)->ident(next_statement)
  88 : CBC_POP_BLOCK
  89 : CBC_EXT_CREATE_OBJECT
  91 : CBC_PUSH_LITERAL idx:14(lit)->number(0x09Af)
  93 : CBC_SET_PROPERTY idx:13(lit)->number(.3)
  95 : CBC_PUSH_LITERAL idx:16(lit)->number(14.)
  97 : CBC_SET_PROPERTY idx:15(lit)->number(12e-1)
  99 : CBC_EXT_CREATE_OBJECT
 101 : CBC_ADD_TWO_LITERALS idx:19(lit)->number(0.077) idx:20(lit)->number(9074)
 104 : CBC_SET_PROPERTY idx:18(lit)->number(0e+3)
 106 : CBC_SET_PROPERTY idx:17(lit)->number(0XFaBe0189)
 108 : CBC_POP_BLOCK
 109 : CBC_PUSH_IDENT idx:2(ident)->ident(next_statement)
 111 : CBC_POP_BLOCK
 112 : CBC_RETURN_WITH_UNDEFINED

Byte code size: 113 bytes

Script parsing successfully completed. Total byte code size: 117 bytes

--- Script parsing end ---

